I'm sorry, but errors were detected in your script. Please correct the
errors listed below, and try again.


File "game/script.rpy", line 181: expected menuitem
    jump daytwoend
    ^

Ren'Py Version: Ren'Py 7.4.1.1270
Tue Oct 26 00:17:34 2021
